// Jest Snapshot v1, https://goo.gl/fbAQLP

exports[`icon render 1`] = `
<span
  className="ice-tea-icon-wrapper"
>
  <svg
    className="ice-tea-icon ice-tea-icon-wechat"
    style={
      Object {
        "fill": undefined,
      }
    }
  >
    <use
      xlinkHref="#wechat"
    />
  </svg>
</span>
`;

exports[`icon snapshot 1`] = `
<span
  className="ice-tea-icon-wrapper"
>
  <svg
    className="ice-tea-icon ice-tea-icon-wechat"
    style={
      Object {
        "fill": undefined,
      }
    }
  >
    <use
      xlinkHref="#wechat"
    />
  </svg>
</span>
`;
